2026-05-13 14:20:43,775  INFO      run_pipeline_local — [mock] 패치 완료 (scenario=clear)
2026-05-13 14:20:43,776  INFO      run_pipeline_local — [mock 모드] scenario=clear
2026-05-13 14:20:44,276  INFO      run_pipeline_local — 파이프라인 시작: task='move the marker next to the sprite bottle'
2026-05-13 14:20:44,278  INFO      run_pipeline_local —   t₀=/workspace/AmbRes/assets/images/5rhU25AdQW4jADxhp8EYuq.jpeg  C1=/workspace/AmbRes/assets/images/5rhU25AdQW4jADxhp8EYuq.jpeg  C2=/workspace/AmbRes/assets/images/5rhU25AdQW4jADxhp8EYuq.jpeg
2026-05-13 14:20:45,021  INFO      run_pipeline_local — 파이프라인 완료: status=complete
2026-05-13 14:20:45,022  INFO      run_pipeline_local — pipeline result:
{
  "status": "complete",
  "g0_initial": {
    "target": {
      "label": "mock target",
      "coord": [
        200,
        300
      ]
    },
    "destination": {
      "label": "mock destination",
      "coord": [
        400,
        300
      ]
    },
    "image_shape": [
      2252,
      4000
    ]
  },
  "c1": {
    "checkpoint": "C1",
    "state": "CLEAR",
    "decision": "CONTINUE",
    "user_response": "",
    "g0_after": {
      "target": {
        "label": "mock target",
        "coord": [
          200,
          300
        ]
      },
      "destination": {
        "label": "mock destination",
        "coord": [
          400,
          300
        ]
      },
      "image_shape": [
        2252,
        4000
      ]
    }
  },
  "c2": {
    "checkpoint": "C2",
    "state": "CLEAR",
    "decision": "CONTINUE",
    "user_response": "",
    "g0_after": {
      "target": {
        "label": "mock target",
        "coord": [
          200,
          300
        ]
      },
      "destination": {
        "label": "mock destination",
        "coord": [
          400,
          300
        ]
      },
      "image_shape": [
        2252,
        4000
      ]
    }
  },
  "stop_reason": ""
}
