2026-05-13 14:20:58,269  INFO      run_pipeline_local — [mock] 패치 완료 (scenario=ambiguous-c1)
2026-05-13 14:20:58,270  INFO      run_pipeline_local — [mock 모드] scenario=ambiguous-c1
2026-05-13 14:20:58,783  INFO      run_pipeline_local — 파이프라인 시작: task='move the marker next to the sprite bottle'
2026-05-13 14:20:58,785  INFO      run_pipeline_local —   t₀=/workspace/AmbRes/assets/images/5rhU25AdQW4jADxhp8EYuq.jpeg  C1=/workspace/AmbRes/assets/images/5rhU25AdQW4jADxhp8EYuq.jpeg  C2=/workspace/AmbRes/assets/images/5rhU25AdQW4jADxhp8EYuq.jpeg
2026-05-13 14:20:59,357  INFO      run_pipeline_local — [user_response] question="[C1 AMBIGUOUS_TARGET] 어떤 'mock target'을(를) 집어야 하나요?"  answer='the left marker'
2026-05-13 14:20:59,764  INFO      run_pipeline_local — 파이프라인 완료: status=complete
2026-05-13 14:20:59,766  INFO      run_pipeline_local — pipeline result:
{
  "status": "complete",
  "g0_initial": {
    "target": {
      "label": "mock target",
      "coord": [
        200,
        300
      ]
    },
    "destination": {
      "label": "mock destination",
      "coord": [
        400,
        300
      ]
    },
    "image_shape": [
      2252,
      4000
    ]
  },
  "c1": {
    "checkpoint": "C1",
    "state": "AMBIGUOUS_TARGET",
    "decision": "ASK",
    "user_response": "the left marker",
    "g0_after": {
      "target": {
        "label": "the left marker",
        "coord": [
          300,
          300
        ]
      },
      "destination": {
        "label": "mock destination",
        "coord": [
          400,
          300
        ]
      },
      "image_shape": [
        2252,
        4000
      ]
    }
  },
  "c2": {
    "checkpoint": "C2",
    "state": "CLEAR",
    "decision": "CONTINUE",
    "user_response": "",
    "g0_after": {
      "target": {
        "label": "the left marker",
        "coord": [
          300,
          300
        ]
      },
      "destination": {
        "label": "mock destination",
        "coord": [
          400,
          300
        ]
      },
      "image_shape": [
        2252,
        4000
      ]
    }
  },
  "stop_reason": ""
}
