2026-05-13 15:01:03,793  INFO      run_pipeline_local — 핸들러 초기화 중... {'model_type': 'finetune', 'adapter_ckpt': '43qazb3XcrZF5rZWnjRPVm', 'use_detection': False, 'use_sam': False}
2026-05-13 15:01:03,796  INFO      module.models.ambres.handler — AmbResHandler.setup: model_type=finetune  use_detection=False  use_sam=False
2026-05-13 15:01:33,717  INFO      module.models.ambres.handler — AmbResHandler: ready (model_type=finetune)
2026-05-13 15:01:33,944  INFO      run_pipeline_local — 핸들러 초기화 완료
2026-05-13 15:01:37,328  INFO      run_pipeline_local — 파이프라인 시작: task='place the red mug next to the wine bottle'
2026-05-13 15:01:37,397  INFO      run_pipeline_local —   t₀=assets/test/test-02/G0-init.jpeg  C1=assets/test/test-02/Gc3.png  C2=assets/test/test-02/Gc3.png
2026-05-13 15:02:01,177  INFO      run_pipeline_local — [user_response] question="[C1 AMBIGUOUS_TARGET] 어떤 'red mug'을(를) 집어야 하나요?"  answer=''
2026-05-13 15:02:08,451  INFO      run_pipeline_local — [user_response] question="[C2 AMBIGUOUS_DESTINATION] 어떤 'black wine bottle'에 놓아야 하나요?"  answer=''
2026-05-13 15:02:08,497  INFO      run_pipeline_local — 파이프라인 완료: status=complete
2026-05-13 15:02:08,503  INFO      run_pipeline_local — pipeline result:
{
  "status": "complete",
  "g0_initial": {
    "target": {
      "label": "red mug",
      "coord": [
        1380,
        1060
      ]
    },
    "destination": {
      "label": "black wine bottle",
      "coord": [
        2708,
        835
      ]
    },
    "image_shape": [
      2252,
      4000
    ]
  },
  "c1": {
    "checkpoint": "C1",
    "state": "AMBIGUOUS_TARGET",
    "decision": "ASK",
    "user_response": "",
    "g0_after": {
      "target": {
        "label": "red mug",
        "coord": [
          1380,
          1060
        ]
      },
      "destination": {
        "label": "black wine bottle",
        "coord": [
          2708,
          835
        ]
      },
      "image_shape": [
        2252,
        4000
      ]
    }
  },
  "c2": {
    "checkpoint": "C2",
    "state": "AMBIGUOUS_DESTINATION",
    "decision": "ASK",
    "user_response": "",
    "g0_after": {
      "target": {
        "label": "red mug",
        "coord": [
          1380,
          1060
        ]
      },
      "destination": {
        "label": "black wine bottle",
        "coord": [
          2708,
          835
        ]
      },
      "image_shape": [
        2252,
        4000
      ]
    }
  },
  "stop_reason": ""
}
